     VMA      LMA     Size Align Out     In      Symbol
       0        0 80200000     1 . = 0x80200000
80200000 80200000      27a     2 .text
80200000 80200000        e     2         /tmp/kernel-366e7f.o:(.text.boot)
80200000 80200000        0     1                 
80200000 80200000        0     1                 
80200000 80200000        0     1                 $x.1
80200000 80200000        0     1                 
80200000 80200000        e     1                 boot
8020000e 8020000e        0     1                 
8020000e 8020000e        0     1                 
8020000e 8020000e       c6     2         /tmp/kernel-366e7f.o:(.text)
8020000e 8020000e        0     1                 
8020000e 8020000e        0     1                 
8020000e 8020000e        0     1                 $x.0
8020000e 8020000e        0     1                 
8020000e 8020000e        6     1                 sbi_call
80200012 80200012        0     1                 
80200014 80200014        0     1                 
80200014 80200014        0     1                 
80200014 80200014        0     1                 
80200014 80200014       14     1                 putchar
80200026 80200026        0     1                 
80200028 80200028        0     1                 
80200028 80200028        0     1                 
80200028 80200028        0     1                 
80200028 80200028       46     1                 shutdown
8020002e 8020002e        0     1                 
80200042 80200042        0     1                 
80200042 80200042        0     1                 
8020004a 8020004a        0     1                 
8020004a 8020004a        0     1                 
8020005c 8020005c        0     1                 
8020005c 8020005c        0     1                 
8020006a 8020006a        0     1                 
8020006e 8020006e        0     1                 
8020006e 8020006e        0     1                 
8020006e 8020006e        0     1                 
8020006e 8020006e        0     1                 
8020006e 8020006e        0     1                 
8020006e 8020006e        0     1                 
8020006e 8020006e       66     1                 kernel_main
80200074 80200074        0     1                 
80200088 80200088        0     1                 
80200088 80200088        0     1                 
8020009c 8020009c        0     1                 
8020009c 8020009c        0     1                 
802000a8 802000a8        0     1                 
802000a8 802000a8        0     1                 
802000b0 802000b0        0     1                 
802000b0 802000b0        0     1                 
802000c2 802000c2        0     1                 
802000c2 802000c2        0     1                 
802000ce 802000ce        0     1                 
802000ce 802000ce        0     1                 .LBB3_1
802000ce 802000ce        0     1                 
802000d2 802000d2        0     1                 
802000d4 802000d4        0     1                 
802000d4 802000d4        0     1                 
802000d4 802000d4      1a6     2         /tmp/common-26128e.o:(.text)
802000d4 802000d4        0     1                 
802000d4 802000d4        0     1                 
802000d4 802000d4        0     1                 $x.0
802000d4 802000d4        0     1                 
802000d4 802000d4      1a6     1                 printf
80200102 80200102        0     1                 
8020012a 8020012a        0     1                 .LBB0_1
8020012a 8020012a        0     1                 
8020012e 8020012e        0     1                 .LBB0_2
8020012e 8020012e        0     1                 
80200130 80200130        0     1                 .LBB0_3
80200130 80200130        0     1                 
80200134 80200134        0     1                 
8020013c 8020013c        0     1                 .LBB0_5
8020013c 8020013c        0     1                 
8020013e 8020013e        0     1                 
8020013e 8020013e        0     1                 
80200140 80200140        0     1                 
80200142 80200142        0     1                 .LBB0_6
80200142 80200142        0     1                 
80200146 80200146        0     1                 
80200148 80200148        0     1                 
80200158 80200158        0     1                 
80200158 80200158        0     1                 
80200164 80200164        0     1                 
80200164 80200164        0     1                 
80200168 80200168        0     1                 
80200168 80200168        0     1                 
8020016a 8020016a        0     1                 
80200170 80200170        0     1                 .LBB0_11
80200170 80200170        0     1                 
80200170 80200170        0     1                 
80200178 80200178        0     1                 
80200178 80200178        0     1                 
80200182 80200182        0     1                 
80200182 80200182        0     1                 
80200186 80200186        0     1                 
80200186 80200186        0     1                 
80200188 80200188        0     1                 
8020018c 8020018c        0     1                 
8020018e 8020018e        0     1                 
8020018e 8020018e        0     1                 
80200194 80200194        0     1                 
80200194 80200194        0     1                 
80200196 80200196        0     1                 
8020019a 8020019a        0     1                 
8020019c 8020019c        0     1                 
8020019c 8020019c        0     1                 
802001a2 802001a2        0     1                 
802001a2 802001a2        0     1                 
802001a4 802001a4        0     1                 
802001a8 802001a8        0     1                 
802001aa 802001aa        0     1                 
802001aa 802001aa        0     1                 
802001b0 802001b0        0     1                 
802001b0 802001b0        0     1                 
802001b2 802001b2        0     1                 
802001b6 802001b6        0     1                 
802001b8 802001b8        0     1                 
802001b8 802001b8        0     1                 
802001be 802001be        0     1                 
802001be 802001be        0     1                 
802001c0 802001c0        0     1                 
802001c4 802001c4        0     1                 
802001c6 802001c6        0     1                 
802001c6 802001c6        0     1                 
802001cc 802001cc        0     1                 
802001cc 802001cc        0     1                 
802001ce 802001ce        0     1                 
802001d2 802001d2        0     1                 
802001d4 802001d4        0     1                 
802001d4 802001d4        0     1                 
802001da 802001da        0     1                 
802001da 802001da        0     1                 
802001dc 802001dc        0     1                 
802001e0 802001e0        0     1                 
802001e2 802001e2        0     1                 
802001e2 802001e2        0     1                 
802001e4 802001e4        0     1                 
802001e4 802001e4        0     1                 
802001e6 802001e6        0     1                 
802001ea 802001ea        0     1                 
802001ea 802001ea        0     1                 
802001ec 802001ec        0     1                 
802001ec 802001ec        0     1                 
802001ee 802001ee        0     1                 
802001f0 802001f0        0     1                 .LBB0_14
802001f0 802001f0        0     1                 
802001f0 802001f0        0     1                 
802001fa 802001fa        0     1                 
802001fa 802001fa        0     1                 
802001fe 802001fe        0     1                 
80200204 80200204        0     1                 
80200204 80200204        0     1                 .LBB0_16
80200204 80200204        0     1                 
8020020a 8020020a        0     1                 
8020020a 8020020a        0     1                 
8020020e 8020020e        0     1                 
80200210 80200210        0     1                 
80200214 80200214        0     1                 .LBB0_17
80200214 80200214        0     1                 
80200214 80200214        0     1                 
8020021a 8020021a        0     1                 
8020021a 8020021a        0     1                 
8020021e 8020021e        0     1                 
8020021e 8020021e        0     1                 
80200220 80200220        0     1                 
80200224 80200224        0     1                 .LBB0_18
80200224 80200224        0     1                 
80200226 80200226        0     1                 
80200226 80200226        0     1                 .LBB0_19
80200226 80200226        0     1                 
8020022a 8020022a        0     1                 
8020022e 8020022e        0     1                 
80200232 80200232        0     1                 .LBB0_20
80200232 80200232        0     1                 
80200232 80200232        0     1                 
80200234 80200234        0     1                 
80200234 80200234        0     1                 
80200238 80200238        0     1                 
8020023c 8020023c        0     1                 
80200242 80200242        0     1                 
80200242 80200242        0     1                 
8020024a 8020024a        0     1                 
80200250 80200250        0     1                 
80200250 80200250        0     1                 
80200256 80200256        0     1                 .LBB0_21
80200256 80200256        0     1                 
80200256 80200256        0     1                 
8020025c 8020025c        0     1                 .LBB0_22
8020025c 8020025c        0     1                 
8020025c 8020025c        0     1                 
80200260 80200260        0     1                 
80200276 80200276        0     1                 
8020027a 8020027a        0     1                 
8020027a 8020027a        0     1                 
8020027c 8020027c       62     1 .rodata
8020027c 8020027c       62     1         <internal>:(.rodata.str1.1)
802002e0 802002e0        0     4 .bss
802002e0 802002e0        0     1         __bss = .
802002e0 802002e0        0     1         __bss_end = .
802002e0 802002e0        0     1 . = ALIGN ( 4 )
802002e0 802002e0    20000     1 . += 128 * 1024
802202e0 802202e0        0     1 __stack_top = .
       0        0      298     1 .debug_loc
       0        0       e2     1         /tmp/kernel-366e7f.o:(.debug_loc)
       0        0        0     1                 
       0        0        0     1                 $d.3
      1b       1b        0     1                 
      36       36        0     1                 
      51       51        0     1                 
      6e       6e        0     1                 
      8b       8b        0     1                 
      a8       a8        0     1                 
      c5       c5        0     1                 
      e2       e2      1b6     1         /tmp/common-26128e.o:(.debug_loc)
      e2       e2        0     1                 
      e2       e2        0     1                 $d.2
     100      100        0     1                 
     11e      11e        0     1                 
     13c      13c        0     1                 
     17d      17d        0     1                 
     1fa      1fa        0     1                 
     20d      20d        0     1                 
     26d      26d        0     1                 
       0        0      268     1 .debug_abbrev
       0        0      17b     1         /tmp/kernel-366e7f.o:(.debug_abbrev)
       0        0        0     1                 $d.4
     17b      17b       ed     1         /tmp/common-26128e.o:(.debug_abbrev)
     17b      17b        0     1                 $d.3
       0        0      602     1 .debug_info
       0        0      43e     1         /tmp/kernel-366e7f.o:(.debug_info)
       0        0        0     1                 $d.5
     43e      43e      1c4     1         /tmp/common-26128e.o:(.debug_info)
     43e      43e        0     1                 $d.4
       0        0       30     1 .debug_ranges
       0        0       18     1         /tmp/kernel-366e7f.o:(.debug_ranges)
       0        0        0     1                 
       0        0        0     1                 $d.6
      18       18       18     1         /tmp/common-26128e.o:(.debug_ranges)
      18       18        0     1                 
      18       18        0     1                 $d.5
       0        0      151     1 .debug_str
       0        0      151     1         <internal>:(.debug_str)
       0        0       42     1 .comment
       0        0       42     1         <internal>:(.comment)
       0        0       2b     1 .riscv.attributes
       0        0       2b     1         <internal>:(.riscv.attributes)
       0        0       b8     4 .debug_frame
       0        0       74     4         /tmp/kernel-366e7f.o:(.debug_frame)
       0        0        0     1                 
       0        0        0     1                 $d.10
      74       74       44     4         /tmp/common-26128e.o:(.debug_frame)
      74       74        0     1                 
      74       74        0     1                 $d.9
       0        0      353     1 .debug_line
       0        0       ee     1         /tmp/kernel-366e7f.o:(.debug_line)
       0        0        0     1                 .Lline_table_start0
       0        0        0     1                 $d.11
      ee       ee      265     1         /tmp/common-26128e.o:(.debug_line)
      ee       ee        0     1                 .Lline_table_start0
      ee       ee        0     1                 $d.10
       0        0     1100     4 .symtab
       0        0     1100     4         <internal>:(.symtab)
       0        0       a0     1 .shstrtab
       0        0       a0     1         <internal>:(.shstrtab)
       0        0       d7     1 .strtab
       0        0       d7     1         <internal>:(.strtab)
