     VMA      LMA     Size Align Out     In      Symbol
       0        0 80200000     1 . = 0x80200000
80200000 80200000      438     4 .text
80200000 80200000        e     2         /tmp/kernel-02f511.o:(.text.boot)
80200000 80200000        0     1                 
80200000 80200000        0     1                 
80200000 80200000        0     1                 $x.1
80200000 80200000        0     1                 
80200000 80200000        e     1                 boot
8020000e 8020000e        0     1                 
8020000e 8020000e        0     1                 
80200010 80200010      1fe     4         /tmp/kernel-02f511.o:(.text)
80200010 80200010        0     1                 
80200010 80200010        0     1                 
80200010 80200010        0     1                 $x.0
80200010 80200010        0     1                 
80200010 80200010       4c     1                 alloc_pages
80200016 80200016        0     1                 
8020001e 8020001e        0     1                 
8020001e 8020001e        0     1                 
80200022 80200022        0     1                 
80200026 80200026        0     1                 
80200026 80200026        0     1                 
8020002e 8020002e        0     1                 
80200032 80200032        0     1                 
80200036 80200036        0     1                 
8020004a 8020004a        0     1                 
8020004a 8020004a        0     1                 .LBB0_2
8020004c 8020004c        0     1                 .LBB0_3
8020004c 8020004c        0     1                 
80200052 80200052        0     1                 
80200052 80200052        0     1                 
80200058 80200058        0     1                 
80200058 80200058        0     1                 
8020005c 8020005c        0     1                 
8020005c 8020005c        0     1                 
8020005c 8020005c        0     1                 
8020005c 8020005c        0     1                 
8020005c 8020005c        0     1                 
8020005c 8020005c        6     1                 sbi_call
80200060 80200060        0     1                 
80200060 80200060        0     1                 
80200062 80200062        0     1                 
80200062 80200062        0     1                 
80200062 80200062        0     1                 
80200062 80200062       14     1                 putchar
80200074 80200074        0     1                 
80200074 80200074        0     1                 
80200076 80200076        0     1                 
80200076 80200076        0     1                 
80200076 80200076        0     1                 
80200076 80200076       46     1                 shutdown
8020007c 8020007c        0     1                 
80200090 80200090        0     1                 
80200090 80200090        0     1                 
80200098 80200098        0     1                 
80200098 80200098        0     1                 
802000aa 802000aa        0     1                 
802000aa 802000aa        0     1                 
802000b8 802000b8        0     1                 
802000bc 802000bc        0     1                 
802000bc 802000bc        0     1                 
802000bc 802000bc        0     1                 
802000bc 802000bc        0     1                 
802000bc 802000bc        0     1                 
802000bc 802000bc        0     1                 
802000bc 802000bc       90     1                 kernel_entry
8020014c 8020014c        0     1                 
8020014c 8020014c        0     1                 
8020014c 8020014c        0     1                 
8020014c 8020014c        0     1                 
8020014c 8020014c        0     1                 
8020014c 8020014c       28     1                 handle_trap
80200150 80200150        0     1                 
80200150 80200150        0     1                 
80200154 80200154        0     1                 
80200154 80200154        0     1                 
80200158 80200158        0     1                 
80200158 80200158        0     1                 
8020015c 8020015c        0     1                 
8020015c 8020015c        0     1                 
80200160 80200160        0     1                 
80200172 80200172        0     1                 
80200172 80200172        0     1                 .LBB6_1
80200174 80200174        0     1                 
80200174 80200174        0     1                 
80200174 80200174        0     1                 
80200174 80200174        0     1                 
80200174 80200174        0     1                 
80200174 80200174       9a     1                 kernel_main
80200180 80200180        0     1                 
80200180 80200180        0     1                 
80200188 80200188        0     1                 
80200188 80200188        0     1                 
8020018a 8020018a        0     1                 
8020018c 8020018c        0     1                 
80200194 80200194        0     1                 
80200198 80200198        0     1                 
8020019c 8020019c        0     1                 
802001b0 802001b0        0     1                 
802001b0 802001b0        0     1                 .LBB7_2
802001b2 802001b2        0     1                 .LBB7_3
802001b2 802001b2        0     1                 
802001ba 802001ba        0     1                 
802001ba 802001ba        0     1                 
802001be 802001be        0     1                 
802001be 802001be        0     1                 
802001c0 802001c0        0     1                 
802001c6 802001c6        0     1                 
802001ca 802001ca        0     1                 
802001ca 802001ca        0     1                 
802001de 802001de        0     1                 
802001de 802001de        0     1                 .LBB7_5
802001e0 802001e0        0     1                 .LBB7_6
802001e0 802001e0        0     1                 
802001e8 802001e8        0     1                 
802001e8 802001e8        0     1                 
802001f6 802001f6        0     1                 
802001f6 802001f6        0     1                 
8020020c 8020020c        0     1                 
8020020c 8020020c        0     1                 .LBB7_7
8020020e 8020020e        0     1                 
8020020e 8020020e        0     1                 
8020020e 8020020e      22a     2         /tmp/common-f18654.o:(.text)
8020020e 8020020e        0     1                 
8020020e 8020020e        0     1                 
8020020e 8020020e        0     1                 $x.0
8020020e 8020020e        0     1                 
8020020e 8020020e      1a6     1                 printf
8020023c 8020023c        0     1                 
80200264 80200264        0     1                 .LBB0_1
80200264 80200264        0     1                 
80200268 80200268        0     1                 .LBB0_2
80200268 80200268        0     1                 
8020026a 8020026a        0     1                 .LBB0_3
8020026a 8020026a        0     1                 
8020026e 8020026e        0     1                 
80200276 80200276        0     1                 .LBB0_5
80200276 80200276        0     1                 
80200278 80200278        0     1                 
80200278 80200278        0     1                 
8020027a 8020027a        0     1                 
8020027c 8020027c        0     1                 .LBB0_6
8020027c 8020027c        0     1                 
80200280 80200280        0     1                 
80200282 80200282        0     1                 
80200292 80200292        0     1                 
80200292 80200292        0     1                 
8020029e 8020029e        0     1                 
8020029e 8020029e        0     1                 
802002a2 802002a2        0     1                 
802002a2 802002a2        0     1                 
802002a4 802002a4        0     1                 
802002aa 802002aa        0     1                 .LBB0_11
802002aa 802002aa        0     1                 
802002aa 802002aa        0     1                 
802002b2 802002b2        0     1                 
802002b2 802002b2        0     1                 
802002bc 802002bc        0     1                 
802002bc 802002bc        0     1                 
802002c0 802002c0        0     1                 
802002c0 802002c0        0     1                 
802002c2 802002c2        0     1                 
802002c6 802002c6        0     1                 
802002c8 802002c8        0     1                 
802002c8 802002c8        0     1                 
802002ce 802002ce        0     1                 
802002ce 802002ce        0     1                 
802002d0 802002d0        0     1                 
802002d4 802002d4        0     1                 
802002d6 802002d6        0     1                 
802002d6 802002d6        0     1                 
802002dc 802002dc        0     1                 
802002dc 802002dc        0     1                 
802002de 802002de        0     1                 
802002e2 802002e2        0     1                 
802002e4 802002e4        0     1                 
802002e4 802002e4        0     1                 
802002ea 802002ea        0     1                 
802002ea 802002ea        0     1                 
802002ec 802002ec        0     1                 
802002f0 802002f0        0     1                 
802002f2 802002f2        0     1                 
802002f2 802002f2        0     1                 
802002f8 802002f8        0     1                 
802002f8 802002f8        0     1                 
802002fa 802002fa        0     1                 
802002fe 802002fe        0     1                 
80200300 80200300        0     1                 
80200300 80200300        0     1                 
80200306 80200306        0     1                 
80200306 80200306        0     1                 
80200308 80200308        0     1                 
8020030c 8020030c        0     1                 
8020030e 8020030e        0     1                 
8020030e 8020030e        0     1                 
80200314 80200314        0     1                 
80200314 80200314        0     1                 
80200316 80200316        0     1                 
8020031a 8020031a        0     1                 
8020031c 8020031c        0     1                 
8020031c 8020031c        0     1                 
8020031e 8020031e        0     1                 
8020031e 8020031e        0     1                 
80200320 80200320        0     1                 
80200324 80200324        0     1                 
80200324 80200324        0     1                 
80200326 80200326        0     1                 
80200326 80200326        0     1                 
80200328 80200328        0     1                 
8020032a 8020032a        0     1                 .LBB0_14
8020032a 8020032a        0     1                 
8020032a 8020032a        0     1                 
80200334 80200334        0     1                 
80200334 80200334        0     1                 
80200338 80200338        0     1                 
8020033e 8020033e        0     1                 
8020033e 8020033e        0     1                 .LBB0_16
8020033e 8020033e        0     1                 
80200344 80200344        0     1                 
80200344 80200344        0     1                 
80200348 80200348        0     1                 
8020034a 8020034a        0     1                 
8020034e 8020034e        0     1                 .LBB0_17
8020034e 8020034e        0     1                 
8020034e 8020034e        0     1                 
80200354 80200354        0     1                 
80200354 80200354        0     1                 
80200358 80200358        0     1                 
80200358 80200358        0     1                 
8020035a 8020035a        0     1                 
8020035e 8020035e        0     1                 .LBB0_18
8020035e 8020035e        0     1                 
80200360 80200360        0     1                 
80200360 80200360        0     1                 .LBB0_19
80200360 80200360        0     1                 
80200364 80200364        0     1                 
80200368 80200368        0     1                 
8020036c 8020036c        0     1                 .LBB0_20
8020036c 8020036c        0     1                 
8020036c 8020036c        0     1                 
8020036e 8020036e        0     1                 
8020036e 8020036e        0     1                 
80200372 80200372        0     1                 
80200376 80200376        0     1                 
8020037c 8020037c        0     1                 
8020037c 8020037c        0     1                 
80200384 80200384        0     1                 
8020038a 8020038a        0     1                 
8020038a 8020038a        0     1                 
80200390 80200390        0     1                 .LBB0_21
80200390 80200390        0     1                 
80200390 80200390        0     1                 
80200396 80200396        0     1                 .LBB0_22
80200396 80200396        0     1                 
80200396 80200396        0     1                 
8020039a 8020039a        0     1                 
802003b0 802003b0        0     1                 
802003b4 802003b4        0     1                 
802003b4 802003b4        0     1                 
802003b4 802003b4        0     1                 
802003b4 802003b4        0     1                 
802003b4 802003b4        0     1                 
802003b4 802003b4       1c     1                 memcpy
802003b8 802003b8        0     1                 
802003b8 802003b8        0     1                 
802003ba 802003ba        0     1                 
802003ba 802003ba        0     1                 .LBB1_2
802003ba 802003ba        0     1                 
802003be 802003be        0     1                 
802003c0 802003c0        0     1                 
802003c4 802003c4        0     1                 
802003c4 802003c4        0     1                 
802003c8 802003c8        0     1                 
802003ca 802003ca        0     1                 
802003ca 802003ca        0     1                 
802003ce 802003ce        0     1                 .LBB1_3
802003ce 802003ce        0     1                 
802003ce 802003ce        0     1                 
802003d0 802003d0        0     1                 
802003d0 802003d0        0     1                 
802003d0 802003d0        0     1                 
802003d0 802003d0        0     1                 
802003d0 802003d0        0     1                 
802003d0 802003d0       16     1                 memset
802003d4 802003d4        0     1                 
802003d4 802003d4        0     1                 
802003d6 802003d6        0     1                 
802003d6 802003d6        0     1                 .LBB2_2
802003d6 802003d6        0     1                 
802003da 802003da        0     1                 
802003da 802003da        0     1                 
802003de 802003de        0     1                 
802003e0 802003e0        0     1                 
802003e0 802003e0        0     1                 
802003e4 802003e4        0     1                 .LBB2_3
802003e4 802003e4        0     1                 
802003e4 802003e4        0     1                 
802003e6 802003e6        0     1                 
802003e6 802003e6        0     1                 
802003e6 802003e6        0     1                 
802003e6 802003e6        0     1                 
802003e6 802003e6        0     1                 
802003e6 802003e6       24     1                 strcpy
802003ec 802003ec        0     1                 
802003f0 802003f0        0     1                 
802003f0 802003f0        0     1                 
802003f2 802003f2        0     1                 
802003f2 802003f2        0     1                 .LBB3_2
802003f2 802003f2        0     1                 
802003f6 802003f6        0     1                 
802003fa 802003fa        0     1                 
802003fe 802003fe        0     1                 
802003fe 802003fe        0     1                 
80200400 80200400        0     1                 
80200400 80200400        0     1                 
80200402 80200402        0     1                 
80200404 80200404        0     1                 .LBB3_3
80200404 80200404        0     1                 
80200404 80200404        0     1                 
80200408 80200408        0     1                 
8020040a 8020040a        0     1                 
8020040a 8020040a        0     1                 
8020040a 8020040a        0     1                 
8020040a 8020040a        0     1                 
8020040a 8020040a        0     1                 
8020040a 8020040a       2e     1                 strcmp
8020040e 8020040e        0     1                 
80200410 80200410        0     1                 
80200412 80200412        0     1                 
80200412 80200412        0     1                 .LBB4_2
80200412 80200412        0     1                 
80200416 80200416        0     1                 
8020041a 8020041a        0     1                 
8020041e 8020041e        0     1                 
8020041e 8020041e        0     1                 
80200422 80200422        0     1                 
80200424 80200424        0     1                 
80200426 80200426        0     1                 
80200428 80200428        0     1                 .LBB4_4
80200428 80200428        0     1                 
8020042e 8020042e        0     1                 .LBB4_5
8020042e 8020042e        0     1                 
8020042e 8020042e        0     1                 
80200430 80200430        0     1                 .LBB4_6
80200430 80200430        0     1                 
80200430 80200430        0     1                 
80200434 80200434        0     1                 
80200434 80200434        0     1                 
80200436 80200436        0     1                 
80200438 80200438        0     1                 
80200438 80200438        0     1                 
80200438 80200438       fd     1 .rodata
80200438 80200438       fd     1         <internal>:(.rodata.str1.1)
80200538 80200538        4     4 .sdata
80200538 80200538        4     4         /tmp/kernel-02f511.o:(.sdata)
80200538 80200538        4     1                 alloc_pages.next_paddr
80200538 80200538        0     1                 $d.2
8020053c 8020053c        0     4 .bss
8020053c 8020053c        0     1         __bss = .
8020053c 8020053c        0     1         __bss_end = .
8020053c 8020053c        0     1 . = ALIGN ( 4 )
8020053c 8020053c    20000     1 . += 128 * 1024
8022053c 8022053c        0     1 __stack_top = .
8022053c 8022053c      ac4     1 . = ALIGN ( 4096 )
80221000 80221000        0     1 __free_ram = .
80221000 80221000  4000000     1 . += 64 * 1024 * 1024
84221000 84221000        0     1 __free_ram_end = .
       0        0      4a1     1 .debug_loc
       0        0      1b6     1         /tmp/kernel-02f511.o:(.debug_loc)
       0        0        0     1                 
       0        0        0     1                 $d.4
      1b       1b        0     1                 
      36       36        0     1                 
      51       51        0     1                 
      6c       6c        0     1                 
      87       87        0     1                 
      a4       a4        0     1                 
      c1       c1        0     1                 
      de       de        0     1                 
      f9       f9        0     1                 
     114      114        0     1                 
     12f      12f        0     1                 
     14a      14a        0     1                 
     165      165        0     1                 
     180      180        0     1                 
     19b      19b        0     1                 
     1b6      1b6      2eb     1         /tmp/common-f18654.o:(.debug_loc)
     1b6      1b6        0     1                 
     1b6      1b6        0     1                 $d.2
     1d4      1d4        0     1                 
     1f2      1f2        0     1                 
     210      210        0     1                 
     251      251        0     1                 
     2ce      2ce        0     1                 
     2e1      2e1        0     1                 
     341      341        0     1                 
     36c      36c        0     1                 
     37f      37f        0     1                 
     3b3      3b3        0     1                 
     3c8      3c8        0     1                 
     3fc      3fc        0     1                 
     411      411        0     1                 
     42f      42f        0     1                 
     458      458        0     1                 
     48e      48e        0     1                 
       0        0      2e7     1 .debug_abbrev
       0        0      1bf     1         /tmp/kernel-02f511.o:(.debug_abbrev)
       0        0        0     1                 $d.5
     1bf      1bf      128     1         /tmp/common-f18654.o:(.debug_abbrev)
     1bf      1bf        0     1                 $d.3
       0        0      a71     1 .debug_info
       0        0      74b     1         /tmp/kernel-02f511.o:(.debug_info)
       0        0        0     1                 $d.6
     74b      74b      326     1         /tmp/common-f18654.o:(.debug_info)
     74b      74b        0     1                 $d.4
       0        0       38     1 .debug_ranges
       0        0       20     1         /tmp/kernel-02f511.o:(.debug_ranges)
       0        0        0     1                 
       0        0        0     1                 $d.7
      20       20       18     1         /tmp/common-f18654.o:(.debug_ranges)
      20       20        0     1                 
      20       20        0     1                 $d.5
       0        0      270     1 .debug_str
       0        0      270     1         <internal>:(.debug_str)
       0        0       42     1 .comment
       0        0       42     1         <internal>:(.comment)
       0        0       2b     1 .riscv.attributes
       0        0       2b     1         <internal>:(.riscv.attributes)
       0        0      140     4 .debug_frame
       0        0       bc     4         /tmp/kernel-02f511.o:(.debug_frame)
       0        0        0     1                 
       0        0        0     1                 $d.11
      bc       bc       84     4         /tmp/common-f18654.o:(.debug_frame)
      bc       bc        0     1                 
      bc       bc        0     1                 $d.9
       0        0      58c     1 .debug_line
       0        0      1c6     1         /tmp/kernel-02f511.o:(.debug_line)
       0        0        0     1                 .Lline_table_start0
       0        0        0     1                 $d.12
     1c6      1c6      3c6     1         /tmp/common-f18654.o:(.debug_line)
     1c6      1c6        0     1                 .Lline_table_start0
     1c6      1c6        0     1                 $d.10
       0        0     1ec0     4 .symtab
       0        0     1ec0     4         <internal>:(.symtab)
       0        0       a7     1 .shstrtab
       0        0       a7     1         <internal>:(.shstrtab)
       0        0      14f     1 .strtab
       0        0      14f     1         <internal>:(.strtab)
