     VMA      LMA     Size Align Out     In      Symbol
       0        0 80200000     1 . = 0x80200000
80200000 80200000      3a0     2 .text
80200000 80200000        e     2         /tmp/kernel-6d1288.o:(.text.boot)
80200000 80200000        0     1                 
80200000 80200000        0     1                 
80200000 80200000        0     1                 $x.1
80200000 80200000        0     1                 
80200000 80200000        e     1                 boot
8020000e 8020000e        0     1                 
8020000e 8020000e        0     1                 
8020000e 8020000e       6c     2         /tmp/kernel-6d1288.o:(.text)
8020000e 8020000e        0     1                 
8020000e 8020000e        0     1                 
8020000e 8020000e        0     1                 $x.0
8020000e 8020000e        0     1                 
8020000e 8020000e        6     1                 sbi_call
80200012 80200012        0     1                 
80200014 80200014        0     1                 
80200014 80200014        0     1                 
80200014 80200014        0     1                 
80200014 80200014       14     1                 putchar
80200026 80200026        0     1                 
80200028 80200028        0     1                 
80200028 80200028        0     1                 
80200028 80200028        0     1                 
80200028 80200028       46     1                 shutdown
8020002e 8020002e        0     1                 
80200042 80200042        0     1                 
80200042 80200042        0     1                 
8020004a 8020004a        0     1                 
8020004a 8020004a        0     1                 
8020005c 8020005c        0     1                 
8020005c 8020005c        0     1                 
8020006a 8020006a        0     1                 
8020006e 8020006e        0     1                 
8020006e 8020006e        0     1                 
8020006e 8020006e        0     1                 
8020006e 8020006e        0     1                 
8020006e 8020006e        0     1                 
8020006e 8020006e        0     1                 
8020006e 8020006e        c     1                 kernel_main
80200072 80200072        0     1                 
80200074 80200074        0     1                 
80200074 80200074        0     1                 .LBB3_1
80200074 80200074        0     1                 
80200078 80200078        0     1                 
8020007a 8020007a        0     1                 
8020007a 8020007a        0     1                 
8020007a 8020007a      1a6     2         /tmp/common-96628e.o:(.text)
8020007a 8020007a        0     1                 
8020007a 8020007a        0     1                 
8020007a 8020007a        0     1                 $x.0
8020007a 8020007a        0     1                 
8020007a 8020007a      1a6     1                 printf
802000a8 802000a8        0     1                 
802000d0 802000d0        0     1                 .LBB0_1
802000d0 802000d0        0     1                 
802000d4 802000d4        0     1                 .LBB0_2
802000d4 802000d4        0     1                 
802000d6 802000d6        0     1                 .LBB0_3
802000d6 802000d6        0     1                 
802000da 802000da        0     1                 
802000e2 802000e2        0     1                 .LBB0_5
802000e2 802000e2        0     1                 
802000e4 802000e4        0     1                 
802000e4 802000e4        0     1                 
802000e6 802000e6        0     1                 
802000e8 802000e8        0     1                 .LBB0_6
802000e8 802000e8        0     1                 
802000ec 802000ec        0     1                 
802000ee 802000ee        0     1                 
802000fe 802000fe        0     1                 
802000fe 802000fe        0     1                 
8020010a 8020010a        0     1                 
8020010a 8020010a        0     1                 
8020010e 8020010e        0     1                 
8020010e 8020010e        0     1                 
80200110 80200110        0     1                 
80200116 80200116        0     1                 .LBB0_11
80200116 80200116        0     1                 
80200116 80200116        0     1                 
8020011e 8020011e        0     1                 
8020011e 8020011e        0     1                 
80200128 80200128        0     1                 
80200128 80200128        0     1                 
8020012c 8020012c        0     1                 
8020012c 8020012c        0     1                 
8020012e 8020012e        0     1                 
80200132 80200132        0     1                 
80200134 80200134        0     1                 
80200134 80200134        0     1                 
8020013a 8020013a        0     1                 
8020013a 8020013a        0     1                 
8020013c 8020013c        0     1                 
80200140 80200140        0     1                 
80200142 80200142        0     1                 
80200142 80200142        0     1                 
80200148 80200148        0     1                 
80200148 80200148        0     1                 
8020014a 8020014a        0     1                 
8020014e 8020014e        0     1                 
80200150 80200150        0     1                 
80200150 80200150        0     1                 
80200156 80200156        0     1                 
80200156 80200156        0     1                 
80200158 80200158        0     1                 
8020015c 8020015c        0     1                 
8020015e 8020015e        0     1                 
8020015e 8020015e        0     1                 
80200164 80200164        0     1                 
80200164 80200164        0     1                 
80200166 80200166        0     1                 
8020016a 8020016a        0     1                 
8020016c 8020016c        0     1                 
8020016c 8020016c        0     1                 
80200172 80200172        0     1                 
80200172 80200172        0     1                 
80200174 80200174        0     1                 
80200178 80200178        0     1                 
8020017a 8020017a        0     1                 
8020017a 8020017a        0     1                 
80200180 80200180        0     1                 
80200180 80200180        0     1                 
80200182 80200182        0     1                 
80200186 80200186        0     1                 
80200188 80200188        0     1                 
80200188 80200188        0     1                 
8020018a 8020018a        0     1                 
8020018a 8020018a        0     1                 
8020018c 8020018c        0     1                 
80200190 80200190        0     1                 
80200190 80200190        0     1                 
80200192 80200192        0     1                 
80200192 80200192        0     1                 
80200194 80200194        0     1                 
80200196 80200196        0     1                 .LBB0_14
80200196 80200196        0     1                 
80200196 80200196        0     1                 
802001a0 802001a0        0     1                 
802001a0 802001a0        0     1                 
802001a4 802001a4        0     1                 
802001aa 802001aa        0     1                 
802001aa 802001aa        0     1                 .LBB0_16
802001aa 802001aa        0     1                 
802001b0 802001b0        0     1                 
802001b0 802001b0        0     1                 
802001b4 802001b4        0     1                 
802001b6 802001b6        0     1                 
802001ba 802001ba        0     1                 .LBB0_17
802001ba 802001ba        0     1                 
802001ba 802001ba        0     1                 
802001c0 802001c0        0     1                 
802001c0 802001c0        0     1                 
802001c4 802001c4        0     1                 
802001c4 802001c4        0     1                 
802001c6 802001c6        0     1                 
802001ca 802001ca        0     1                 .LBB0_18
802001ca 802001ca        0     1                 
802001cc 802001cc        0     1                 
802001cc 802001cc        0     1                 .LBB0_19
802001cc 802001cc        0     1                 
802001d0 802001d0        0     1                 
802001d4 802001d4        0     1                 
802001d8 802001d8        0     1                 .LBB0_20
802001d8 802001d8        0     1                 
802001d8 802001d8        0     1                 
802001da 802001da        0     1                 
802001da 802001da        0     1                 
802001de 802001de        0     1                 
802001e2 802001e2        0     1                 
802001e8 802001e8        0     1                 
802001e8 802001e8        0     1                 
802001f0 802001f0        0     1                 
802001f6 802001f6        0     1                 
802001f6 802001f6        0     1                 
802001fc 802001fc        0     1                 .LBB0_21
802001fc 802001fc        0     1                 
802001fc 802001fc        0     1                 
80200202 80200202        0     1                 .LBB0_22
80200202 80200202        0     1                 
80200202 80200202        0     1                 
80200206 80200206        0     1                 
8020021c 8020021c        0     1                 
80200220 80200220        0     1                 
80200220 80200220        0     1                 
80200220 80200220      180     2         /tmp/video-9fde9d.o:(.text)
80200220 80200220        0     1                 
80200220 80200220        0     1                 
80200220 80200220        0     1                 $x.0
80200220 80200220        0     1                 
80200220 80200220      180     1                 video_init
80200224 80200224        0     1                 
80200224 80200224        0     1                 
8020022e 8020022e        0     1                 
80200232 80200232        0     1                 
80200232 80200232        0     1                 
80200236 80200236        0     1                 
8020023a 8020023a        0     1                 
8020023e 8020023e        0     1                 
8020023e 8020023e        0     1                 
80200242 80200242        0     1                 
80200246 80200246        0     1                 
80200246 80200246        0     1                 
8020024c 8020024c        0     1                 
8020024c 8020024c        0     1                 
80200250 80200250        0     1                 
80200250 80200250        0     1                 
80200252 80200252        0     1                 
80200252 80200252        0     1                 
80200256 80200256        0     1                 
80200256 80200256        0     1                 
8020025a 8020025a        0     1                 
8020025a 8020025a        0     1                 
8020025e 8020025e        0     1                 
8020025e 8020025e        0     1                 
80200264 80200264        0     1                 
80200264 80200264        0     1                 
80200272 80200272        0     1                 
80200272 80200272        0     1                 .LBB0_4
80200272 80200272        0     1                 
80200276 80200276        0     1                 
80200278 80200278        0     1                 
8020027c 8020027c        0     1                 
80200280 80200280        0     1                 
80200280 80200280        0     1                 
80200284 80200284        0     1                 
80200284 80200284        0     1                 
80200286 80200286        0     1                 
80200286 80200286        0     1                 
80200288 80200288        0     1                 
8020028c 8020028c        0     1                 
80200290 80200290        0     1                 
80200298 80200298        0     1                 
80200298 80200298        0     1                 
8020029a 8020029a        0     1                 
8020029a 8020029a        0     1                 
8020029c 8020029c        0     1                 .LBB0_7
8020029c 8020029c        0     1                 
8020029c 8020029c        0     1                 
802002a6 802002a6        0     1                 .LBB0_8
802002a6 802002a6        0     1                 
802002a6 802002a6        0     1                 
802002aa 802002aa        0     1                 
802002aa 802002aa        0     1                 
802002ac 802002ac        0     1                 
802002b6 802002b6        0     1                 .LBB0_9
802002b6 802002b6        0     1                 
802002b6 802002b6        0     1                 
802002b8 802002b8        0     1                 
802002b8 802002b8        0     1                 
802002c2 802002c2        0     1                 .LBB0_10
802002c2 802002c2        0     1                 
802002c2 802002c2        0     1                 
802002c6 802002c6        0     1                 
802002c6 802002c6        0     1                 
802002c8 802002c8        0     1                 
802002cc 802002cc        0     1                 
802002d0 802002d0        0     1                 
802002d4 802002d4        0     1                 
802002d4 802002d4        0     1                 
802002d8 802002d8        0     1                 
802002d8 802002d8        0     1                 
802002da 802002da        0     1                 
802002ea 802002ea        0     1                 
802002ee 802002ee        0     1                 
802002f6 802002f6        0     1                 
802002fa 802002fa        0     1                 
802002fe 802002fe        0     1                 
80200308 80200308        0     1                 
8020030e 8020030e        0     1                 
80200312 80200312        0     1                 
80200316 80200316        0     1                 
8020031e 8020031e        0     1                 
8020032a 8020032a        0     1                 
80200330 80200330        0     1                 
80200334 80200334        0     1                 
80200338 80200338        0     1                 
8020033c 8020033c        0     1                 
80200340 80200340        0     1                 
80200344 80200344        0     1                 
80200348 80200348        0     1                 
80200348 80200348        0     1                 
8020034e 8020034e        0     1                 
8020034e 8020034e        0     1                 .LBB0_11
8020034e 8020034e        0     1                 
80200352 80200352        0     1                 
80200354 80200354        0     1                 
80200358 80200358        0     1                 
80200366 80200366        0     1                 
8020036a 8020036a        0     1                 
80200370 80200370        0     1                 
80200372 80200372        0     1                 
8020037c 8020037c        0     1                 
8020037e 8020037e        0     1                 
80200388 80200388        0     1                 .LBB0_15
80200388 80200388        0     1                 
80200388 80200388        0     1                 
8020038c 8020038c        0     1                 
80200396 80200396        0     1                 .LBB0_16
80200396 80200396        0     1                 
80200396 80200396        0     1                 
802003a0 802003a0        0     1                 
802003a0 802003a0        0     1                 
802003a0 802003a0        0     1                 
802003a0 802003a0      114     1 .rodata
802003a0 802003a0      114     1         <internal>:(.rodata.str1.1)
80201000 80201000     3000  4096 .bss
80201000 80201000        0     1         __bss = .
80201000 80201000     3000  4096         /tmp/video-9fde9d.o:(.bss)
80201000 80201000       18     1                 req_hdr
80201000 80201000        0     1                 $d.2
80201018 80201018      198     1                 resp_info
80202000 80202000     2000     1                 queue_mem
80204000 80204000        0     1         __bss_end = .
80204000 80204000        0     1 . = ALIGN ( 4 )
80204000 80204000    20000     1 . += 128 * 1024
80224000 80224000        0     1 __stack_top = .
       0        0      28f     1 .debug_loc
       0        0       a8     1         /tmp/kernel-6d1288.o:(.debug_loc)
       0        0        0     1                 
       0        0        0     1                 $d.3
      1b       1b        0     1                 
      36       36        0     1                 
      51       51        0     1                 
      6e       6e        0     1                 
      8b       8b        0     1                 
      a8       a8      1b6     1         /tmp/common-96628e.o:(.debug_loc)
      a8       a8        0     1                 
      a8       a8        0     1                 $d.2
      c6       c6        0     1                 
      e4       e4        0     1                 
     102      102        0     1                 
     143      143        0     1                 
     1c0      1c0        0     1                 
     1d3      1d3        0     1                 
     233      233        0     1                 
     25e      25e       31     1         /tmp/video-9fde9d.o:(.debug_loc)
     25e      25e        0     1                 
     25e      25e        0     1                 $d.3
     27c      27c        0     1                 
       0        0      3ee     1 .debug_abbrev
       0        0      17b     1         /tmp/kernel-6d1288.o:(.debug_abbrev)
       0        0        0     1                 $d.4
     17b      17b       ed     1         /tmp/common-96628e.o:(.debug_abbrev)
     17b      17b        0     1                 $d.3
     268      268      186     1         /tmp/video-9fde9d.o:(.debug_abbrev)
     268      268        0     1                 $d.4
       0        0      bfd     1 .debug_info
       0        0      36e     1         /tmp/kernel-6d1288.o:(.debug_info)
       0        0        0     1                 $d.5
     36e      36e      1c4     1         /tmp/common-96628e.o:(.debug_info)
     36e      36e        0     1                 $d.4
     532      532      6cb     1         /tmp/video-9fde9d.o:(.debug_info)
     532      532        0     1                 $d.5
       0        0       48     1 .debug_ranges
       0        0       18     1         /tmp/kernel-6d1288.o:(.debug_ranges)
       0        0        0     1                 
       0        0        0     1                 $d.6
      18       18       18     1         /tmp/common-96628e.o:(.debug_ranges)
      18       18        0     1                 
      18       18        0     1                 $d.5
      30       30       18     1         /tmp/video-9fde9d.o:(.debug_ranges)
      30       30        0     1                 
      30       30        0     1                 $d.6
       0        0      33a     1 .debug_str
       0        0      33a     1         <internal>:(.debug_str)
       0        0       42     1 .comment
       0        0       42     1         <internal>:(.comment)
       0        0       2b     1 .riscv.attributes
       0        0       2b     1         <internal>:(.riscv.attributes)
       0        0       dc     4 .debug_frame
       0        0       74     4         /tmp/kernel-6d1288.o:(.debug_frame)
       0        0        0     1                 
       0        0        0     1                 $d.10
      74       74       44     4         /tmp/common-96628e.o:(.debug_frame)
      74       74        0     1                 
      74       74        0     1                 $d.9
      b8       b8       24     4         /tmp/video-9fde9d.o:(.debug_frame)
      b8       b8        0     1                 
      b8       b8        0     1                 $d.10
       0        0      5b3     1 .debug_line
       0        0       ce     1         /tmp/kernel-6d1288.o:(.debug_line)
       0        0        0     1                 .Lline_table_start0
       0        0        0     1                 $d.11
      ce       ce      265     1         /tmp/common-96628e.o:(.debug_line)
      ce       ce        0     1                 .Lline_table_start0
      ce       ce        0     1                 $d.10
     333      333      280     1         /tmp/video-9fde9d.o:(.debug_line)
     333      333        0     1                 .Lline_table_start0
     333      333        0     1                 $d.11
       0        0     1c40     4 .symtab
       0        0     1c40     4         <internal>:(.symtab)
       0        0       a0     1 .shstrtab
       0        0       a0     1         <internal>:(.shstrtab)
       0        0      144     1 .strtab
       0        0      144     1         <internal>:(.strtab)
